DefaultParam{
	[tetz42.clione.lang.AbstractParam]
	param = Param{
		key = "KEY"
		[tetz42.clione.lang.Clione]
		next = null
		resourceInfo = "FromTest"
	}
	isNegative = false
	[tetz42.clione.lang.Clione]
	next = null
	resourceInfo = "FromTest"
}