foo:int(Style:)	foo:String(Style:)	bar:Bar(Style:)								bar:int(Style:)	bar:String(Style:)	key2-2(Style:)	key2-1(Style:)	bar:int(Style:)	bar:String(Style:)	key1-2(Style:)	key1-1(Style:)	bar:int(Style:)	bar:String(Style:)	key0-2(Style:)	key0-1(Style:)
		bar:int(Style:)	bar:String(Style:)	keyZ(Style:)		keyY(Style:)		keyX(Style:)				baz:int(Style:)	baz:int(Style:)			baz:int(Style:)	baz:int(Style:)			baz:int(Style:)	baz:int(Style:)
				baz:int(Style:)	baz:String(Style:)	baz:int(Style:)	baz:String(Style:)	baz:int(Style:)	baz:String(Style:)												
100(Style:null)	(Style:null)	0(Style:null)	(Style:null)	100(Style:null)	100(Style:null)	1000(Style:null)	1000(Style:null)	0(Style:null)	(Style:null)	200(Style:null)	200(Style:null)	1300(Style:null)	1400(Style:null)	500(Style:null)	500(Style:null)	1600(Style:null)	1700(Style:null)	0(Style:null)	(Style:null)	1000(Style:null)	1000(Style:null)
101(Style:null)	(Style:null)	0(Style:null)	(Style:null)	101(Style:null)	101(Style:null)	1001(Style:null)	1001(Style:null)	0(Style:null)	(Style:null)	201(Style:null)	201(Style:null)	1301(Style:null)	1401(Style:null)	501(Style:null)	501(Style:null)	1601(Style:null)	1701(Style:null)	0(Style:null)	(Style:null)	1000(Style:null)	1000(Style:null)
10000(Style:null)	10000(Style:null)	0(Style:null)	(Style:null)	0(Style:null)	(Style:null)	0(Style:null)	(Style:null)	0(Style:null)	(Style:null)	20001(Style:null)	20001(Style:null)	1000(Style:null)	1000(Style:null)	0(Style:null)	(Style:null)	1000(Style:null)	1000(Style:null)	0(Style:null)	(Style:null)	1000(Style:null)	1000(Style:null)
