		bar:int(Style:)	bar:String(Style:)	keyX(Style:)		keyY(Style:)				baz:int(Style:)	baz:String(Style:)	baz:int(Style:)	baz:String(Style:)			baz:int(Style:)	baz:String(Style:)	baz:int(Style:)	baz:String(Style:)	