select
	aaa
	,bbb
  
	,eee
  
	,fff
	,ggg
 from
 	alphabet E