select
	aaa
	,bbb
  
	,ccc
  
	,fff
	,ggg
 from
 	alphabet C