select
	*
from
	sea
where
  
	tako2 = ?
	and ika2 = ?
	
		and octopus1 = 800
		and squid1 = 1000
order by
	tako
	,ika