Instruction{
	isNodeDisposed = false
	doNothing = false
	useValueInBack = false
	replacement = "ID  =  ?"
	status = true
	params = ArrayList[
		"value"
	]
	next = null
	map = null
}