Instruction{
	isNodeDisposed = false
	doNothing = false
	useValueInBack = false
	replacement = "8"
	status = false
	isNumber = true
	params = ArrayList[ ]
	next = null
	map = null
}