LineParam{
	[tetz42.clione.lang.func.AbstractParam]
	param = Param{
		key = "KEY"
		[tetz42.clione.lang.func.ClioneFunction]
		next = null
	}
	isNegative = true
	[tetz42.clione.lang.func.ClioneFunction]
	next = Param{
		key = "PARAM"
		[tetz42.clione.lang.func.ClioneFunction]
		next = null
	}
}