UPDATE people set
	name = 
	CONCAT(trim(name), '2')