Header1	Header2	Header3	Header4			Header5			Header6			Last
			カラム１。	カラム２。	カラム３。	カラム１。	カラム２。	カラム３。	column1	column2	column3	
1729	42	42と1729ついて	宇宙全ての	答えは？	42	二通りの自然数の３乗数の和	で表現できる最小数	1729	42	1729	もう一度書きます。	以上。
314	1592	314と1592ついて	円周率	です。ただの。	314	円周率の	４～７桁目	1592	314	1592	もう一度書くんです。	終了。
356	3321	42と1729ついてと314と1592ついて	宇宙全ての円周率	答えは？です。ただの。	356	二通りの自然数の３乗数の和円周率の	で表現できる最小数４～７桁目	3321	356	3321	もう一度書きます。もう一度書くんです。	That's all for today.
