Pair{
	first = "select
	*
from (
	select
		sub.*,
		ROWNUM num
	from
		(
select
	*
from
	employees
) sub
)
where
	2 <= num and num <= 3
"
	second = ArrayList[ ]
}
