ArrayList[
	Tameshi{
		age = 31
		id = 3
		name = "Hiromitsu Hara"
	}
	Tameshi{
		age = 31
		id = 4
		name = "Hiroko Hara"
	}
]