ArrayList[
	Tameshi{
		age = 35
		id = 0
		name = "Takao Kawada2"
	}
	Tameshi{
		age = 34
		id = 1
		name = "Takako Kawada2"
	}
	Tameshi{
		age = 2
		id = 2
		name = "Tao Kawada2"
	}
	Tameshi{
		age = 31
		id = 3
		name = "Hiromitsu Hara2"
	}
	Tameshi{
		age = 31
		id = 4
		name = "Hiroko Hara2"
	}
]