Instruction{
	params = ArrayList[
		"value"
	]
	isNodeDisposed = false
	doNothing = false
	useValueInBack = false
	replacement = " = ? "
	next = null
}