Instruction{
	isNodeDisposed = true
	doNothing = true
	useValueInBack = true
	replacement = null
	status = false
	params = ArrayList[ ]
	next = null
	map = null
}