Instruction{
	isNodeDisposed = false
	doNothing = false
	useValueInBack = false
	replacement = "octopus"
	status = false
	isNumber = false
	params = ArrayList[ ]
	next = null
	map = null
}