Instruction{
	params = ArrayList[
		"tako"
		null
	]
	isNodeDisposed = true
	doNothing = false
	useValueInBack = false
	replacement = null
	next = null
	map = null
}