Instruction{
	isNodeDisposed = false
	doNothing = false
	useValueInBack = false
	replacement = null
	status = true
	isNumber = true
	params = ArrayList[
		100
	]
	next = null
	map = null
}