Instruction{
	isNodeDisposed = false
	doNothing = false
	useValueInBack = false
	replacement = "SELECT tel, '\' FROM FOO WHERE ID = /* ID */ AND NAME = /* NAME */ "
	status = false
	params = ArrayList[ ]
	next = null
	map = null
}