Param{
	key = "KEY"
	isNegative = false
	next = null
}