LineCond{
	[tetz42.clione.lang.func.AbstractParam]
	param = Param{
		key = "KEY"
		isNegative = false
		[tetz42.clione.lang.func.ClioneFunction]
		next = null
	}
	isNegative = false
	[tetz42.clione.lang.func.ClioneFunction]
	next = StrLiteral{
		str = "tako"
		[tetz42.clione.lang.func.ClioneFunction]
		next = null
	}
}