Instruction{
	params = ArrayList[
		100
		"TAKAKO"
	]
	isNodeDisposed = false
	doNothing = false
	useValueInBack = false
	replacement = "SELECT * FROM FOO WHERE ID = ? AND NAME = ? "
	next = null
	map = null
	status = false
}