Instruction{
	doNothing = false
	isNodeDisposed = false
	map = null
	next = null
	params = ArrayList[
		1
		10
		null
		100
	]
	replacement = null
	status = false
	useValueInBack = false
}