Instruction{
	isNodeDisposed = false
	doNothing = false
	useValueInBack = false
	replacement = "? ESCAPE '#'"
	status = false
	params = ArrayList[
		"%tako%"
	]
	next = null
	map = null
}