foo:int(Style:)	foo:String(Style:)	bar:Bar(Style:)		