Table 'test.person' doesn't exist
--- sql ---
SELECT
        *
    FROM
        person
    WHERE
        age = ?
        AND name LIKE ?

--- params ---
[31, %H%]
--- resource ---
SQL file path:tetz42/clione/sql/SQLExecutorTest/WrongSelect.sql
Table 'test.person' doesn't exist
