Employee{
	id = 1
	SHAIN_NO = 100001
	shozokuBuKa = "柔道部女子課"
	name = "猪熊柔"
	age = 0
}