LineParam{
	isNegative = false
	next = null
	param = Parenthesises{
		inside = Param{
			isNegative = false
			key = "TAKO"
			next = Param{
				isNegative = false
				key = "IKA"
				next = Param{
					isNegative = false
					key = "NAMAKO"
					next = null
				}
			}
		}
		next = null
	}
}